TAP version 13
# Subtest: en and zh catalogs have the same keys
ok 1 - en and zh catalogs have the same keys
  ---
  duration_ms: 16.780334
  type: 'test'
  ...
# Subtest: English catalog contains no Han
ok 2 - English catalog contains no Han
  ---
  duration_ms: 18.907375
  type: 'test'
  ...
# Subtest: DSpark node badges do not render billing zero as a count
ok 3 - DSpark node badges do not render billing zero as a count
  ---
  duration_ms: 242.539125
  type: 'test'
  ...
# Subtest: repeat greater than 1 still shows a multiplier
ok 4 - repeat greater than 1 still shows a multiplier
  ---
  duration_ms: 0.371709
  type: 'test'
  ...
# Subtest: undeclared repeat is not a draft badge
ok 5 - undeclared repeat is not a draft badge
  ---
  duration_ms: 0.507667
  type: 'test'
  ...
# Subtest: plan errors format in English without Han
ok 6 - plan errors format in English without Han
  ---
  duration_ms: 0.94925
  type: 'test'
  ...
# Subtest: HTTP and chip load issues format without leaking Han in English
ok 7 - HTTP and chip load issues format without leaking Han in English
  ---
  duration_ms: 0.28875
  type: 'test'
  ...
# Subtest: PD link source and lens missing-input codes format in both languages
ok 8 - PD link source and lens missing-input codes format in both languages
  ---
  duration_ms: 0.1335
  type: 'test'
  ...
1..8
# tests 8
# suites 0
# pass 8
# fail 0
# cancelled 0
# skipped 0
# todo 0
# duration_ms 1656.147375
